Test run for C:\Users\dongy\genesis-nova\Tests\bin\Release\net8.0-windows\GenesisNova.Tests.dll (.NETCoreApp,Version=v8.0)
A total of 1 test files matched the specified pattern.
dotnet : [xUnit.net 00:00:03.02]     GenesisNova.Tests.AnalyzePlatonicQuality.AnalyzePlatonicModelFromCheckpoint [FAIL]
At line:1 char:274
+ ... rs\dongy\genesis-nova; dotnet test -c Release --no-build 2>&1 | tee t ...
+                            ~~~~~~~~~~~~~~~~~~~~~~~~~~~~~~~~~~~~~~
    + CategoryInfo          : NotSpecified: ([xUnit.net 00:0...eckpoint [FAIL]:String) [], RemoteException
    + FullyQualifiedErrorId : NativeCommandError
 
  Failed GenesisNova.Tests.AnalyzePlatonicQuality.AnalyzePlatonicModelFromCheckpoint [3 ms]
  Error Message:
   System.IO.DirectoryNotFoundException : Could not find a part of the path 'C:\Users\cex\repos-working\genesis-nova\models\genesis-nova.autosave.checkpoint.json'.
  Stack Trace:
     at Microsoft.Win32.SafeHandles.SafeFileHandle.CreateFile(String fullPath, FileMode mode, FileAccess access, FileShare share, FileOptions options)
   at Microsoft.Win32.SafeHandles.SafeFileHandle.Open(String fullPath, FileMode mode, FileAccess access, FileShare share, FileOptions options, Int64 preallocationSize, Nullable`1 unixCreateMode)
   at System.IO.Strategies.OSFileStreamStrategy..ctor(String path, FileMode mode, FileAccess access, FileShare share, FileOptions options, Int64 preallocationSize, Nullable`1 unixCreateMode)
   at System.IO.Strategies.FileStreamHelpers.ChooseStrategyCore(String path, FileMode mode, FileAccess access, FileShare share, FileOptions options, Int64 preallocationSize, Nullable`1 unixCreateMode)
   at System.IO.StreamReader.ValidateArgsAndOpenPath(String path, Encoding encoding, Int32 bufferSize)
   at System.IO.File.ReadAllText(String path, Encoding encoding)
   at GenesisNova.Persistence.GenesisCheckpointStore.<>c__DisplayClass6_0.<ReadPayload>b__0() in C:\Users\dongy\genesis-nova\src\GenesisNova\Persistence\GenesisCheckpointStore.cs:line 76
   at GenesisNova.Persistence.GenesisCheckpointStore.ExecuteWithCheckpointLock[T](String path, Func`1 action) in C:\Users\dongy\genesis-nova\src\GenesisNova\Persistence\GenesisCheckpointStore.cs:line 97
   at GenesisNova.Persistence.GenesisCheckpointStore.ReadPayload(String path) in C:\Users\dongy\genesis-nova\src\GenesisNova\Persistence\GenesisCheckpointStore.cs:line 76
   at GenesisNova.Persistence.GenesisCheckpointStore.Load(String path) in C:\Users\dongy\genesis-nova\src\GenesisNova\Persistence\GenesisCheckpointStore.cs:line 62
   at GenesisNova.Tests.AnalyzePlatonicQuality.AnalyzePlatonicModelFromCheckpoint() in C:\Users\dongy\genesis-nova\Tests\AnalyzePlatonicQuality.cs:line 35
   at System.RuntimeMethodHandle.InvokeMethod(Object target, Void** arguments, Signature sig, Boolean isConstructor)
   at System.Reflection.MethodBaseInvoker.InvokeWithNoArgs(Object obj, BindingFlags invokeAttr)
  Standard Output Messages:
 Found repo root: C:\Users\cex\repos-working\genesis-nova
 Checkpoint path: C:\Users\cex\repos-working\genesis-nova\models\genesis-nova.autosave.checkpoint.json
 Exists: False


[xUnit.net 00:00:04.85]     
GenesisNova.Tests.AutonomousTrainingPlannerTests.WhenLossIsLowButNoiseIsHigh_ThenDifficultyStillIncreases [FAIL]
[xUnit.net 00:00:04.85]     GenesisNova.Tests.AutonomousTrainingPlannerTests.WhenHistoryContainsPriorRunsWithSameRoundN
umbers_ThenPlannerUsesMostRecentCreatorRound [FAIL]
  Failed GenesisNova.Tests.AutonomousTrainingPlannerTests.WhenLossIsLowButNoiseIsHigh_ThenDifficultyStillIncreases [155 ms]
  Error Message:
   Assert.Equal() Failure: Values differ
Expected: 1
Actual:   0
  Stack Trace:
     at GenesisNova.Tests.AutonomousTrainingPlannerTests.WhenLossIsLowButNoiseIsHigh_ThenDifficultyStillIncreases() in C:\Users\dongy\genesis-nova\Tests\AutonomousTrainingPlannerTests.cs:line 257
   at System.RuntimeMethodHandle.InvokeMethod(Object target, Void** arguments, Signature sig, Boolean isConstructor)
   at System.Reflection.MethodBaseInvoker.InvokeWithNoArgs(Object obj, BindingFlags invokeAttr)
  Failed GenesisNova.Tests.AutonomousTrainingPlannerTests.WhenHistoryContainsPriorRunsWithSameRoundNumbers_ThenPlannerUsesMostRecentCreatorRound [< 1 ms]
  Error Message:
   Assert.Equal() Failure: Values differ
Expected: 2
Actual:   0
  Stack Trace:
     at GenesisNova.Tests.AutonomousTrainingPlannerTests.WhenHistoryContainsPriorRunsWithSameRoundNumbers_ThenPlannerUsesMostRecentCreatorRound() in C:\Users\dongy\genesis-nova\Tests\AutonomousTrainingPlannerTests.cs:line 286
   at System.RuntimeMethodHandle.InvokeMethod(Object target, Void** arguments, Signature sig, Boolean isConstructor)
   at System.Reflection.MethodBaseInvoker.InvokeWithNoArgs(Object obj, BindingFlags invokeAttr)
[xUnit.net 00:00:04.86]     
GenesisNova.Tests.AutonomousTrainingPlannerTests.WhenLossIsBelowThreshold_ThenDifficultyIncreases [FAIL]
[xUnit.net 00:00:04.86]     
GenesisNova.Tests.AutonomousTrainingPlannerTests.WhenPreviousRoundWasStable_ThenPlannerInterleavesToAnotherCreator 
[FAIL]
[xUnit.net 00:00:04.86]     
GenesisNova.Tests.AutonomousTrainingPlannerTests.WhenLossIsBelowThreshold_ThenHorizonGrowsOrganically [FAIL]
[xUnit.net 00:00:04.86]     GenesisNova.Tests.AutonomousTrainingPlannerTests.WhenPlanningInitialRound_ThenUsesLowestCom
plexityCreatorAndLowSettings [FAIL]
[xUnit.net 00:00:05.00]     
GenesisNova.Tests.PublicTextCorpusCreatorTests.WhenGeneratingFromFallbackCorpus_ThenCreatorProducesNextTokenExamples 
[FAIL]
[xUnit.net 00:00:05.01]     
GenesisNova.Tests.SpaceManagerTests.WhenSpaceIsNoisyAndOverBudget_Then_PrunesLowUtilityRelations [FAIL]
[xUnit.net 00:00:05.01]     
GenesisNova.Tests.ExampleCreatorRegistryParityTests.WhenRegistryLoaded_ThenDefaultSetContainsPublicCorpusCreatorsOnly 
[FAIL]
  Failed GenesisNova.Tests.AutonomousTrainingPlannerTests.WhenLossIsBelowThreshold_ThenDifficultyIncreases [< 1 ms]
  Error Message:
   Assert.Equal() Failure: Values differ
Expected: 1
Actual:   0
  Stack Trace:
     at GenesisNova.Tests.AutonomousTrainingPlannerTests.WhenLossIsBelowThreshold_ThenDifficultyIncreases() in C:\Users\dongy\genesis-nova\Tests\AutonomousTrainingPlannerTests.cs:line 162
   at System.RuntimeMethodHandle.InvokeMethod(Object target, Void** arguments, Signature sig, Boolean isConstructor)
   at System.Reflection.MethodBaseInvoker.InvokeWithNoArgs(Object obj, BindingFlags invokeAttr)
  Failed GenesisNova.Tests.AutonomousTrainingPlannerTests.WhenPreviousRoundWasStable_ThenPlannerInterleavesToAnotherCreator [< 1 ms]
  Error Message:
   Assert.Equal() Failure: Values differ
Expected: 24
Actual:   48
  Stack Trace:
     at GenesisNova.Tests.AutonomousTrainingPlannerTests.WhenPreviousRoundWasStable_ThenPlannerInterleavesToAnotherCreator() in C:\Users\dongy\genesis-nova\Tests\AutonomousTrainingPlannerTests.cs:line 66
   at System.RuntimeMethodHandle.InvokeMethod(Object target, Void** arguments, Signature sig, Boolean isConstructor)
   at System.Reflection.MethodBaseInvoker.InvokeWithNoArgs(Object obj, BindingFlags invokeAttr)
  Failed GenesisNova.Tests.AutonomousTrainingPlannerTests.WhenLossIsBelowThreshold_ThenHorizonGrowsOrganically [< 1 ms]
  Error Message:
   Assert.Equal() Failure: Values differ
Expected: 2
Actual:   6
  Stack Trace:
     at GenesisNova.Tests.AutonomousTrainingPlannerTests.WhenLossIsBelowThreshold_ThenHorizonGrowsOrganically() in C:\Users\dongy\genesis-nova\Tests\AutonomousTrainingPlannerTests.cs:line 196
   at System.RuntimeMethodHandle.InvokeMethod(Object target, Void** arguments, Signature sig, Boolean isConstructor)
   at System.Reflection.MethodBaseInvoker.InvokeWithNoArgs(Object obj, BindingFlags invokeAttr)
  Failed GenesisNova.Tests.AutonomousTrainingPlannerTests.WhenPlanningInitialRound_ThenUsesLowestComplexityCreatorAndLowSettings [< 1 ms]
  Error Message:
   Assert.Equal() Failure: Values differ
Expected: 24
Actual:   48
  Stack Trace:
     at GenesisNova.Tests.AutonomousTrainingPlannerTests.WhenPlanningInitialRound_ThenUsesLowestComplexityCreatorAndLowSettings() in C:\Users\dongy\genesis-nova\Tests\AutonomousTrainingPlannerTests.cs:line 28
   at System.RuntimeMethodHandle.InvokeMethod(Object target, Void** arguments, Signature sig, Boolean isConstructor)
   at System.Reflection.MethodBaseInvoker.InvokeWithNoArgs(Object obj, BindingFlags invokeAttr)
  Failed GenesisNova.Tests.PublicTextCorpusCreatorTests.WhenGeneratingFromFallbackCorpus_ThenCreatorProducesNextTokenExamples [4 ms]
  Error Message:
   Assert.All() Failure: 16 out of 16 items in the collection did not pass.
[0]:  Item:  Tuple ("jumps over the lazy dog in a deterministic trainin"···, "sentence used")
      Error: Assert.DoesNotContain() Failure: Item found in collection
                                         ↓ (pos 8)
             Collection: [···, 'c', 'e', ' ', 'u', 's', ···]
             Found:      ' '
[1]:  Item:  Tuple ("the quick brown fox jumps over the lazy dog", "in a")
      Error: Assert.DoesNotContain() Failure: Item found in collection
                                    ↓ (pos 2)
             Collection: ['i', 'n', ' ', 'a']
             Found:      ' '
[2]:  Item:  Tuple ("machine learning systems improve when data quality"···, "and reproducibility")
      Error: Assert.DoesNotContain() Failure: Item found in collection
                                         ↓ (pos 3)
             Collection: [···, 'n', 'd', ' ', 'r', 'e', ···]
             Found:      ' '
[3]:  Item:  Tuple ("the quick brown fox jumps over the lazy dog", "in a")
      Error: Assert.DoesNotContain() Failure: Item found in collection
                                    ↓ (pos 2)
             Collection: ['i', 'n', ' ', 'a']
             Found:      ' '
[4]:  Item:  Tuple ("machine learning systems improve when data quality"···, "and reproducibility")
      Error: Assert.DoesNotContain() Failure: Item found in collection
                                         ↓ (pos 3)
             Collection: [···, 'n', 'd', ' ', 'r', 'e', ···]
             Found:      ' '
[5]:  Item:  Tuple ("jumps over the lazy dog in a deterministic trainin"···, "sentence used")
      Error: Assert.DoesNotContain() Failure: Item found in collection
                                         ↓ (pos 8)
             Collection: [···, 'c', 'e', ' ', 'u', 's', ···]
             Found:      ' '
[6]:  Item:  Tuple ("the quick brown fox jumps over the lazy dog", "in a")
      Error: Assert.DoesNotContain() Failure: Item found in collection
                                    ↓ (pos 2)
             Collection: ['i', 'n', ' ', 'a']
             Found:      ' '
[7]:  Item:  Tuple ("jumps over the lazy dog in a deterministic trainin"···, "sentence used")
      Error: Assert.DoesNotContain() Failure: Item found in collection
                                         ↓ (pos 8)
             Collection: [···, 'c', 'e', ' ', 'u', 's', ···]
             Found:      ' '
[8]:  Item:  Tuple ("machine learning systems improve when data quality"···, "and reproducibility")
      Error: Assert.DoesNotContain() Failure: Item found in collection
                                         ↓ (pos 3)
             Collection: [···, 'n', 'd', ' ', 'r', 'e', ···]
             Found:      ' '
[9]:  Item:  Tuple ("jumps over the lazy dog in a deterministic trainin"···, "sentence used")
      Error: Assert.DoesNotContain() Failure: Item found in collection
                                         ↓ (pos 8)
             Collection: [···, 'c', 'e', ' ', 'u', 's', ···]
             Found:      ' '
[10]: Item:  Tuple ("machine learning systems improve when data quality"···, "and reproducibility")
      Error: Assert.DoesNotContain() Failure: Item found in collection
                                         ↓ (pos 3)
             Collection: [···, 'n', 'd', ' ', 'r', 'e', ···]
             Found:      ' '
[11]: Item:  Tuple ("the quick brown fox jumps over the lazy dog", "in a")
      Error: Assert.DoesNotContain() Failure: Item found in collection
                                    ↓ (pos 2)
             Collection: ['i', 'n', ' ', 'a']
             Found:      ' '
[12]: Item:  Tuple ("the quick brown fox jumps over the lazy dog", "in a")
      Error: Assert.DoesNotContain() Failure: Item found in collection
                                    ↓ (pos 2)
             Collection: ['i', 'n', ' ', 'a']
             Found:      ' '
[13]: Item:  Tuple ("jumps over the lazy dog in a deterministic trainin"···, "sentence used")
      Error: Assert.DoesNotContain() Failure: Item found in collection
                                         ↓ (pos 8)
             Collection: [···, 'c', 'e', ' ', 'u', 's', ···]
             Found:      ' '
[14]: Item:  Tuple ("machine learning systems improve when data quality"···, "and reproducibility")
      Error: Assert.DoesNotContain() Failure: Item found in collection
                                         ↓ (pos 3)
             Collection: [···, 'n', 'd', ' ', 'r', 'e', ···]
             Found:      ' '
[15]: Item:  Tuple ("machine learning systems improve when data quality"···, "and reproducibility")
      Error: Assert.DoesNotContain() Failure: Item found in collection
                                         ↓ (pos 3)
             Collection: [···, 'n', 'd', ' ', 'r', 'e', ···]
             Found:      ' '
  Stack Trace:
     at GenesisNova.Tests.PublicTextCorpusCreatorTests.WhenGeneratingFromFallbackCorpus_ThenCreatorProducesNextTokenExamples() in C:\Users\dongy\genesis-nova\Tests\PublicTextCorpusCreatorTests.cs:line 27
   at System.RuntimeMethodHandle.InvokeMethod(Object target, Void** arguments, Signature sig, Boolean isConstructor)
   at System.Reflection.MethodBaseInvoker.InvokeWithNoArgs(Object obj, BindingFlags invokeAttr)
  Failed GenesisNova.Tests.SpaceManagerTests.WhenSpaceIsNoisyAndOverBudget_Then_PrunesLowUtilityRelations [41 ms]
  Error Message:
   Assert.True() Failure
Expected: True
Actual:   False
  Stack Trace:
     at GenesisNova.Tests.SpaceManagerTests.WhenSpaceIsNoisyAndOverBudget_Then_PrunesLowUtilityRelations() in C:\Users\dongy\genesis-nova\Tests\GenesisNova\SpaceManagerTests.cs:line 36
   at System.RuntimeMethodHandle.InvokeMethod(Object target, Void** arguments, Signature sig, Boolean isConstructor)
   at System.Reflection.MethodBaseInvoker.InvokeWithNoArgs(Object obj, BindingFlags invokeAttr)
  Failed GenesisNova.Tests.ExampleCreatorRegistryParityTests.WhenRegistryLoaded_ThenDefaultSetContainsPublicCorpusCreatorsOnly [966 ms]
  Error Message:
   Assert.DoesNotContain() Failure: Filter matched in collection
                                                                                                                                                                                                                           ↓ (pos 16)
Collection: [···, LanguageCreator { EstimatedComplexity = 25, Name = "logic:ordering", TrainingKind = PromptAnswer }, LanguageCreator { EstimatedComplexity = 25, Name = "logic:syllogism", TrainingKind = PromptAnswer }, ArithmeticCreator { EstimatedComplexity = 20, Name = "arithmetic:add", TrainingKind = PromptAnswer }, ArithmeticCreator { EstimatedComplexity = 20, Name = "arithmetic:sub", TrainingKind = PromptAnswer }, ArithmeticCreator { EstimatedComplexity = 25, Name = "arithmetic:mul", TrainingKind = PromptAnswer }, ···]
  Stack Trace:
     at GenesisNova.Tests.ExampleCreatorRegistryParityTests.WhenRegistryLoaded_ThenDefaultSetContainsPublicCorpusCreatorsOnly() in C:\Users\dongy\genesis-nova\Tests\ExampleCreatorRegistryParityTests.cs:line 27
   at System.RuntimeMethodHandle.InvokeMethod(Object target, Void** arguments, Signature sig, Boolean isConstructor)
   at System.Reflection.MethodBaseInvoker.InvokeWithNoArgs(Object obj, BindingFlags invokeAttr)
[xUnit.net 00:00:11.06]     GenesisNova.Tests.GenesisInferenceEngineTests.WhenInputIsGreetingLike_ThenNeuralPathIsUsed 
[FAIL]
[xUnit.net 00:00:11.50]     
GenesisNova.Tests.GenesisInferenceEngineTests.WhenTrainedOnSimplePattern_ThenInferenceProducesLearnedOutput [FAIL]
  Failed GenesisNova.Tests.GenesisInferenceEngineTests.WhenInputIsGreetingLike_ThenNeuralPathIsUsed [2 s]
  Error Message:
   Assert.Equal() Failure: Strings differ
           ↓ (pos 0)
Expected: "neural-token+platonic-bias"
Actual:   "platonic-query-concept-chain"
           ↑ (pos 0)
  Stack Trace:
     at GenesisNova.Tests.GenesisInferenceEngineTests.WhenInputIsGreetingLike_ThenNeuralPathIsUsed() in C:\Users\dongy\genesis-nova\Tests\GenesisNova\GenesisInferenceEngineTests.cs:line 256
   at System.RuntimeMethodHandle.InvokeMethod(Object target, Void** arguments, Signature sig, Boolean isConstructor)
   at System.Reflection.MethodBaseInvoker.InvokeWithNoArgs(Object obj, BindingFlags invokeAttr)
  Failed GenesisNova.Tests.GenesisInferenceEngineTests.WhenTrainedOnSimplePattern_ThenInferenceProducesLearnedOutput [439 ms]
  Error Message:
   Assert.Contains() Failure: Sub-string not found
String:    "say"
Not found: "hello"
  Stack Trace:
     at GenesisNova.Tests.GenesisInferenceEngineTests.WhenTrainedOnSimplePattern_ThenInferenceProducesLearnedOutput() in C:\Users\dongy\genesis-nova\Tests\GenesisNova\GenesisInferenceEngineTests.cs:line 27
   at System.RuntimeMethodHandle.InvokeMethod(Object target, Void** arguments, Signature sig, Boolean isConstructor)
   at System.Reflection.MethodBaseInvoker.InvokeWithNoArgs(Object obj, BindingFlags invokeAttr)

Failed!  - Failed:    12, Passed:    55, Skipped:     0, Total:    67, Duration: 15 s - GenesisNova.Tests.dll (net8.0)
